GNU Tool Chain  

Linker command line:

--edf=E:\FMDprogrammer\Compiler\data\dat\en_msgs.txt -cs \
  -h+ft61fc4x_uart.sym --cmf=ft61fc4x_uart.cmf -z -QFT61F14X \
  -oC:\Users\17443\AppData\Local\Temp\so8s.2 -Mft61fc4x_uart.map -E1 \
  -ver=XC8 -ASTACK=02071h-021efh -pstack=STACK -ACODE=00h-07FFhx2 \
  -ASTRCODE=00h-0FFFh -ASTRING=00h-0FFhx16 -ACONST=00h-0FFhx16 \
  -AENTRY=00h-0FFhx16 -ACOMMON=070h-07Fh -ABANK0=020h-06Fh \
  -ABANK1=0A0h-0EFh -ABANK2=0120h-016Fh -ABANK3=01A0h-01EFh \
  -ABANK4=0220h-026Fh -ABANK5=02A0h-02EFh -ABANK6=0320h-032Fh \
  -ABIGRAM=02000h-021EFh \
  -ARAM=020h-06Fh,0A0h-0EFh,0120h-016Fh,01A0h-01EFh,0220h-026Fh,02A0h-02EFh,0320h-032Fh \
  -AABS1=020h-07Fh,0A0h-0EFh,0120h-016Fh,01A0h-01EFh,0220h-026Fh,02A0h-02EFh,0320h-032Fh \
  -ASFR0=00h-01Fh -ASFR1=080h-09Fh -ASFR2=0100h-011Fh -ASFR3=0180h-019Fh \
  -ASFR4=0200h-021Fh -ASFR5=0280h-029Fh -ASFR6=0300h-031Fh \
  -ASFR7=0380h-03EFh -ASFR8=0400h-046Fh -ASFR9=0480h-04EFh \
  -ASFR10=0500h-056Fh -ASFR11=0580h-05EFh -ASFR12=0600h-066Fh \
  -ASFR13=0680h-06EFh -ASFR14=0700h-076Fh -ASFR15=0780h-07EFh \
  -ASFR16=0800h-086Fh -ASFR17=0880h-08EFh -ASFR18=0900h-096Fh \
  -ASFR19=0980h-09EFh -ASFR20=0A00h-0A6Fh -ASFR21=0A80h-0AEFh \
  -ASFR22=0B00h-0B6Fh -ASFR23=0B80h-0BEFh -ASFR24=0C00h-0C6Fh \
  -ASFR25=0C80h-0CEFh -ASFR26=0D00h-0D6Fh -ASFR27=0D80h-0DEFh \
  -ASFR28=0E00h-0E6Fh -ASFR29=0E80h-0EEFh -ASFR30=0F00h-0F6Fh \
  -ASFR31=0F80h-0FEFh -preset_vec=00h,intentry=04h,init,end_init \
  -ppowerup=CODE -pcinit=CODE -pfunctab=ENTRY -ACONFIG=08007h-08008h \
  -pconfig=CONFIG -DCONFIG=2 -AIDLOC=08000h-08003h -pidloc=IDLOC -DIDLOC=2 \
  -AEEDATA=00h-07Fh/0F000h -peeprom_data=EEDATA -DEEDATA=2 -DCODE=2 \
  -DSTRCODE=2 -DSTRING=2 -DCONST=2 -DENTRY=2 -k \
  C:\Users\17443\AppData\Local\Temp\so8s.obj ft61fc4x_uart.obj 

Object code version is 3.11

Machine type is FT61F14X



                Name                               Link     Load   Length Selector   Space Scale
C:\Users\17443\AppData\Local\Temp\so8s.obj
                end_init                              C        C        2        8       0
                reset_vec                             0        0        2        0       0
ft61fc4x_uart.obj
                intentry                              4        4        8        8       0
                text54                              66E      66E        4      C90       0
                text53                              66A      66A        4      C90       0
                text49                              678      678        3      C90       0
                text45                                E        E      342        8       0
                text36                              65B      65B        9      C90       0
                text35                              652      652        9      C90       0
                text33                              648      648        A      C90       0
                text26                              67D      67D        2      C90       0
                text25                              67B      67B        2      C90       0
                text23                              675      675        3      C90       0
                text21                              672      672        3      C90       0
                text14                              350      350      2AD        8       0
                cstackBANK0                          58       58        D       2B       1
                cstackCOMMON                         72       72        8       72       1
                clrtext                             664      664        6      C90       0
                bssBANK1                             A0       A0       21       A0       1
                dataBANK0                            65       65        1       2B       1
                bssBANK0                             2B       2B       2D       2B       1
                bssCOMMON                            7B       7B        1       72       1
                bitbssCOMMON                        3D0       7A        1       72       1     8
                stringtext1                         5FD      5FD       4B      BFA       0

TOTAL           Name                               Link     Load   Length     Space
        CLASS   STACK          

        CLASS   CODE           
                end_init                              C        C        2         0
                intentry                              4        4        8         0
                reset_vec                             0        0        2         0
                text54                              66E      66E        4         0
                text53                              66A      66A        4         0
                text49                              678      678        3         0
                text45                                E        E      342         0
                text36                              65B      65B        9         0
                text35                              652      652        9         0
                text33                              648      648        A         0
                text26                              67D      67D        2         0
                text25                              67B      67B        2         0
                text23                              675      675        3         0
                text21                              672      672        3         0
                text14                              350      350      2AD         0
                clrtext                             664      664        6         0

        CLASS   STRCODE        
                stringtext1                         5FD      5FD       4B         0

        CLASS   STRING         

        CLASS   CONST          

        CLASS   ENTRY          

        CLASS   COMMON         
                cstackCOMMON                         72       72        8         1
                bssCOMMON                            7B       7B        1         1
                bitbssCOMMON                        3D0       7A        1         1

        CLASS   BANK0          
                cstackBANK0                          58       58        D         1
                dataBANK0                            65       65        1         1
                bssBANK0                             2B       2B       2D         1

        CLASS   BANK1          
                bssBANK1                             A0       A0       21         1

        CLASS   BANK2          

        CLASS   BANK3          

        CLASS   BANK4          

        CLASS   BANK5          

        CLASS   BANK6          

        CLASS   BIGRAM         

        CLASS   RAM            

        CLASS   ABS1           
                abs_s1                               20       20        B         1
                abs_s1                               70       70        2         1
                abs_s1                               7E       7E        2         1

        CLASS   SFR0           

        CLASS   SFR1           

        CLASS   SFR2           

        CLASS   SFR3           

        CLASS   SFR4           

        CLASS   SFR5           

        CLASS   SFR6           

        CLASS   SFR7           

        CLASS   SFR8           

        CLASS   SFR9           

        CLASS   SFR10          

        CLASS   SFR11          

        CLASS   SFR12          

        CLASS   SFR13          

        CLASS   SFR14          

        CLASS   SFR15          

        CLASS   SFR16          

        CLASS   SFR17          

        CLASS   SFR18          

        CLASS   SFR19          

        CLASS   SFR20          

        CLASS   SFR21          

        CLASS   SFR22          

        CLASS   SFR23          

        CLASS   SFR24          

        CLASS   SFR25          

        CLASS   SFR26          

        CLASS   SFR27          

        CLASS   SFR28          

        CLASS   SFR29          

        CLASS   SFR30          

        CLASS   SFR31          

        CLASS   CONFIG         

        CLASS   IDLOC          

        CLASS   EEDATA         

        CLASS   BANK31         

        CLASS   BANK30         

        CLASS   BANK29         

        CLASS   BANK28         

        CLASS   BANK27         

        CLASS   BANK26         

        CLASS   BANK25         

        CLASS   BANK24         

        CLASS   BANK23         

        CLASS   BANK22         

        CLASS   BANK21         

        CLASS   BANK20         

        CLASS   BANK19         

        CLASS   BANK18         

        CLASS   BANK17         

        CLASS   BANK16         

        CLASS   BANK15         

        CLASS   BANK14         

        CLASS   BANK13         

        CLASS   BANK12         

        CLASS   BANK11         

        CLASS   BANK10         

        CLASS   BANK9          

        CLASS   BANK8          

        CLASS   BANK7          



SEGMENTS        Name                           Load    Length   Top    Selector   Space  Class     Delta

                reset_vec                      000000  000002  000002         0       0  CODE        2
                intentry                       000004  0005F9  0005FD         8       0  CODE        2
                bssBANK0                       00002B  00003B  000066        2B       1  BANK0       1
                cstackCOMMON                   000072  00000A  00007C        72       1  COMMON      1
                bssBANK1                       0000A0  000021  0000C1        A0       1  BANK1       1
                stringtext1                    0005FD  00004B  000648       BFA       0  STRCODE     2
                text33                         000648  000037  00067F       C90       0  CODE        2


UNUSED ADDRESS RANGES

        Name                Unused          Largest block    Delta
        BANK0            0066-006F              A           1
        BANK1            00C1-00EF             2F           1
        BANK2            0120-016F             50           1
        BANK3            01A0-01EF             50           1
        BANK4            0220-026F             50           1
        BANK5            02A0-02EF             50           1
        BANK6            0320-032F             10           1
        BIGRAM           2000-21EF            1F0           1
        CODE             0002-0003              2           2
                         067F-0FFF            181
        COMMON           007C-007D              2           1
        CONFIG           8007-8008              2           2
        CONST            0002-0003              2           2
                         067F-0FFF            100
        EEDATA           F000-F07F             80           2
        ENTRY            0002-0003              2           2
                         067F-0FFF            100
        IDLOC            8000-8003              4           2
        RAM              0066-006F              A           1
                         00C1-00EF             2F
                         0120-016F             50
                         01A0-01EF             50
                         0220-026F             50
                         02A0-02EF             50
                         0320-032F             10
        SFR0             0000-001F             20           1
        SFR1             0080-009F             20           1
        SFR10            0500-056F             70           1
        SFR11            0580-05EF             70           1
        SFR12            0600-066F             70           1
        SFR13            0680-06EF             70           1
        SFR14            0700-076F             70           1
        SFR15            0780-07EF             70           1
        SFR16            0800-086F             70           1
        SFR17            0880-08EF             70           1
        SFR18            0900-096F             70           1
        SFR19            0980-09EF             70           1
        SFR2             0100-011F             20           1
        SFR20            0A00-0A6F             70           1
        SFR21            0A80-0AEF             70           1
        SFR22            0B00-0B6F             70           1
        SFR23            0B80-0BEF             70           1
        SFR24            0C00-0C6F             70           1
        SFR25            0C80-0CEF             70           1
        SFR26            0D00-0D6F             70           1
        SFR27            0D80-0DEF             70           1
        SFR28            0E00-0E6F             70           1
        SFR29            0E80-0EEF             70           1
        SFR3             0180-019F             20           1
        SFR30            0F00-0F6F             70           1
        SFR31            0F80-0FEF             70           1
        SFR4             0200-021F             20           1
        SFR5             0280-029F             20           1
        SFR6             0300-031F             20           1
        SFR7             0380-03EF             70           1
        SFR8             0400-046F             70           1
        SFR9             0480-04EF             70           1
        STACK            2071-21EF            17F           1
        STRCODE          0002-0003              2           2
                         067F-0FFF            981
        STRING           0002-0003              2           2
                         067F-0FFF            100

                                  Symbol Table

?___wmul                         cstackBANK0  0058
App_Run@ev                       cstackBANK0  0060
App_Run@i                        cstackBANK0  0061
LED_Init@led                     cstackBANK0  0060
LED_Init@off                     cstackBANK0  005A
LED_Init@on                      cstackBANK0  0058
LED_Init@toggle                  cstackBANK0  005C
LED_Off@led                      cstackBANK0  005A
LED_On@led                       cstackBANK0  005A
LED_Process_1ms@led              cstackCOMMON 0076
LED_StartBlink@interval_ms       cstackBANK0  005A
LED_StartBlink@led               cstackBANK0  005C
LED_StartBlink@total_ms          cstackBANK0  0058
Motor_Arrived@motor              cstackCOMMON 0074
Motor_Close@motor                cstackBANK0  005A
Motor_Init@hw_close              cstackBANK0  005A
Motor_Init@hw_open               cstackBANK0  0058
Motor_Init@hw_stop               cstackBANK0  005C
Motor_Init@motor                 cstackBANK0  0064
Motor_Init@on_arrived            cstackBANK0  0060
Motor_Init@on_error              cstackBANK0  005E
Motor_Open@motor                 cstackBANK0  005A
Motor_Stop_And_Clear@motor       cstackBANK0  005A
Motor_Timer_Task@motor           cstackCOMMON 0079
PL10                             text14       05E9
PL12                             text45       033F
PL14                             text45       00F2
PL16                             text14       05F2
PL18                             text45       0345
PL2                              text45       0327
PL20                             text45       034A
PL22                             text14       05F8
PL4                              text14       05E2
PL6                              text45       0339
PL8                              text45       00ED
UART_WiFi_ISR@byte               cstackCOMMON 0072
_ANSELA                          (abs)        0197
_App_Init                        text14       03D8
_App_Input_1ms                   text45       0115
_App_Run                         text14       04A4
_BSREG                           (abs)        0008
_BSR_TMP                         (abs)        0071
_CFGS                            (abs)        0CAE
_CKOCON                          (abs)        0095
_EEADRL                          (abs)        0191
_EECON1                          (abs)        0195
_EECON2                          (abs)        0196
_EEDATL                          (abs)        0193
_EEIF                            (abs)        005A
_EEPGD                           (abs)        0CAF
_GIE                             (abs)        005F
_INTCON                          (abs)        000B
_ISR                             intentry     0004
_LED_Init                        text14       043B
_LED_Off                         text45       005F
_LED_On                          text14       0519
_LED_Process_1ms                 text45       0159
_LED_StartBlink                  text45       00D9
_Motor_Arrived                   text45       02EE
_Motor_Close                     text14       036C
_Motor_Init                      text14       0468
_Motor_Open                      text14       0390
_Motor_Stop_And_Clear            text45       0075
_Motor_Timer_Task                text45       01B8
_OSCCON                          (abs)        0099
_PA0                             (abs)        0060
_PA1                             (abs)        0061
_PA2                             (abs)        0062
_PA4                             (abs)        0064
_PB0                             (abs)        0068
_PB1                             (abs)        0069
_PB2                             (abs)        006A
_PB6                             (abs)        006E
_PB7                             (abs)        006F
_PCKEN                           (abs)        009A
_PORTA                           (abs)        000C
_PORTB                           (abs)        000D
_PORTC                           (abs)        000E
_PSINK0                          (abs)        019A
_PSINK1                          (abs)        019B
_PSINK2                          (abs)        019C
_PSRC0                           (abs)        011A
_PSRC1                           (abs)        011B
_PSRC2                           (abs)        011C
_RD                              (abs)        0CA8
_RF433_ISR                       text45       0207
_RF433_Init                      text14       0576
_RXNEF                           (abs)        2490
_T1UIE                           (abs)        10A8
_T1UIF                           (abs)        10B0
_T4UIE                           (abs)        0890
_T4UIF                           (abs)        0898
_TCEN                            (abs)        2475
_TCF                             (abs)        24E0
_TCKSRC                          (abs)        031F
_TIM1ARRH                        (abs)        0290
_TIM1ARRL                        (abs)        0291
_TIM1CR1                         (abs)        0211
_TIM1IER                         (abs)        0215
_TIM1SR1                         (abs)        0216
_TIM4ARR                         (abs)        0117
_TIM4CNTR                        (abs)        0115
_TIM4CR1                         (abs)        0111
_TIM4EGR                         (abs)        0114
_TIM4IER                         (abs)        0112
_TIM4PSCR                        (abs)        0116
_TIM4SR                          (abs)        0113
_TRISA                           (abs)        008C
_TRISB                           (abs)        008D
_TRISC                           (abs)        008E
_UART_WiFi_ISR                   text45       02BE
_UART_WiFi_Init                  text14       0599
_URDATAL                         (abs)        048C
_URDLH                           (abs)        0495
_URDLL                           (abs)        0494
_URIER                           (abs)        048E
_URLCR                           (abs)        048F
_URMCR                           (abs)        0491
_URRXNE                          (abs)        2470
_Unlock_Flash                    text45       00CF
_WPDA                            (abs)        020C
_WPDB                            (abs)        020D
_WPDC                            (abs)        020E
_WPUA                            (abs)        018C
_WPUB                            (abs)        018D
_WPUC                            (abs)        018E
_WR                              (abs)        0CA9
_WREN                            (abs)        0CAA
_W_TMP                           (abs)        0070
__Habs1                          abs1         0000
__Hbank0                         bank0        0000
__Hbank1                         bank1        0000
__Hbank10                        bank10       0000
__Hbank11                        bank11       0000
__Hbank12                        bank12       0000
__Hbank13                        bank13       0000
__Hbank14                        bank14       0000
__Hbank15                        bank15       0000
__Hbank16                        bank16       0000
__Hbank17                        bank17       0000
__Hbank18                        bank18       0000
__Hbank19                        bank19       0000
__Hbank2                         bank2        0000
__Hbank20                        bank20       0000
__Hbank21                        bank21       0000
__Hbank22                        bank22       0000
__Hbank23                        bank23       0000
__Hbank24                        bank24       0000
__Hbank25                        bank25       0000
__Hbank26                        bank26       0000
__Hbank27                        bank27       0000
__Hbank28                        bank28       0000
__Hbank29                        bank29       0000
__Hbank3                         bank3        0000
__Hbank30                        bank30       0000
__Hbank31                        bank31       0000
__Hbank4                         bank4        0000
__Hbank5                         bank5        0000
__Hbank6                         bank6        0000
__Hbank7                         bank7        0000
__Hbank8                         bank8        0000
__Hbank9                         bank9        0000
__Hbigram                        bigram       0000
__HbitbssCOMMON                  bitbssCOMMON 0000
__HbssBANK0                      bssBANK0     0000
__HbssBANK1                      bssBANK1     0000
__HbssCOMMON                     bssCOMMON    0000
__Hcinit                         cinit        0000
__Hclrtext                       clrtext      0000
__Hcode                          code         0000
__Hcommon                        common       0000
__Hconfig                        config       0000
__HcstackBANK0                   cstackBANK0  0000
__HcstackCOMMON                  cstackCOMMON 0000
__HdataBANK0                     dataBANK0    0000
__Heeprom_data                   eeprom_data  0000
__Hend_init                      end_init     000E
__Hfunctab                       functab      0000
__HidataBANK0                    idataBANK0   0000
__Hidloc                         idloc        0000
__Hinit                          init         000C
__Hintentry                      intentry     000C
__Hmaintext                      maintext     0000
__Hpa_nodes0                     pa_nodes0    0000
__Hpowerup                       powerup      0000
__Hram                           ram          0000
__Hreset_vec                     reset_vec    0002
__Hsfr0                          sfr0         0000
__Hsfr1                          sfr1         0000
__Hsfr10                         sfr10        0000
__Hsfr11                         sfr11        0000
__Hsfr12                         sfr12        0000
__Hsfr13                         sfr13        0000
__Hsfr14                         sfr14        0000
__Hsfr15                         sfr15        0000
__Hsfr16                         sfr16        0000
__Hsfr17                         sfr17        0000
__Hsfr18                         sfr18        0000
__Hsfr19                         sfr19        0000
__Hsfr2                          sfr2         0000
__Hsfr20                         sfr20        0000
__Hsfr21                         sfr21        0000
__Hsfr22                         sfr22        0000
__Hsfr23                         sfr23        0000
__Hsfr24                         sfr24        0000
__Hsfr25                         sfr25        0000
__Hsfr26                         sfr26        0000
__Hsfr27                         sfr27        0000
__Hsfr28                         sfr28        0000
__Hsfr29                         sfr29        0000
__Hsfr3                          sfr3         0000
__Hsfr30                         sfr30        0000
__Hsfr31                         sfr31        0000
__Hsfr4                          sfr4         0000
__Hsfr5                          sfr5         0000
__Hsfr6                          sfr6         0000
__Hsfr7                          sfr7         0000
__Hsfr8                          sfr8         0000
__Hsfr9                          sfr9         0000
__Hspace_0                       (abs)        067F
__Hspace_1                       (abs)        03D1
__Hspace_2                       (abs)        0000
__Hspace_3                       (abs)        0000
__Hstack                         stack        0000
__Hstrings                       strings      0000
__Hstringtext1                   stringtext1  0000
__Htext                          text         0000
__Labs1                          abs1         0000
__Lbank0                         bank0        0000
__Lbank1                         bank1        0000
__Lbank10                        bank10       0000
__Lbank11                        bank11       0000
__Lbank12                        bank12       0000
__Lbank13                        bank13       0000
__Lbank14                        bank14       0000
__Lbank15                        bank15       0000
__Lbank16                        bank16       0000
__Lbank17                        bank17       0000
__Lbank18                        bank18       0000
__Lbank19                        bank19       0000
__Lbank2                         bank2        0000
__Lbank20                        bank20       0000
__Lbank21                        bank21       0000
__Lbank22                        bank22       0000
__Lbank23                        bank23       0000
__Lbank24                        bank24       0000
__Lbank25                        bank25       0000
__Lbank26                        bank26       0000
__Lbank27                        bank27       0000
__Lbank28                        bank28       0000
__Lbank29                        bank29       0000
__Lbank3                         bank3        0000
__Lbank30                        bank30       0000
__Lbank31                        bank31       0000
__Lbank4                         bank4        0000
__Lbank5                         bank5        0000
__Lbank6                         bank6        0000
__Lbank7                         bank7        0000
__Lbank8                         bank8        0000
__Lbank9                         bank9        0000
__Lbigram                        bigram       0000
__LbitbssCOMMON                  bitbssCOMMON 0000
__LbssBANK0                      bssBANK0     0000
__LbssBANK1                      bssBANK1     0000
__LbssCOMMON                     bssCOMMON    0000
__Lcinit                         cinit        0000
__Lclrtext                       clrtext      0000
__Lcode                          code         0000
__Lcommon                        common       0000
__Lconfig                        config       0000
__LcstackBANK0                   cstackBANK0  0000
__LcstackCOMMON                  cstackCOMMON 0000
__LdataBANK0                     dataBANK0    0000
__Leeprom_data                   eeprom_data  0000
__Lend_init                      end_init     000C
__Lfunctab                       functab      0000
__LidataBANK0                    idataBANK0   0000
__Lidloc                         idloc        0000
__Linit                          init         000C
__Lintentry                      intentry     0004
__Lmaintext                      maintext     0000
__Lpa_nodes0                     pa_nodes0    0000
__Lpowerup                       powerup      0000
__Lram                           ram          0000
__Lreset_vec                     reset_vec    0000
__Lsfr0                          sfr0         0000
__Lsfr1                          sfr1         0000
__Lsfr10                         sfr10        0000
__Lsfr11                         sfr11        0000
__Lsfr12                         sfr12        0000
__Lsfr13                         sfr13        0000
__Lsfr14                         sfr14        0000
__Lsfr15                         sfr15        0000
__Lsfr16                         sfr16        0000
__Lsfr17                         sfr17        0000
__Lsfr18                         sfr18        0000
__Lsfr19                         sfr19        0000
__Lsfr2                          sfr2         0000
__Lsfr20                         sfr20        0000
__Lsfr21                         sfr21        0000
__Lsfr22                         sfr22        0000
__Lsfr23                         sfr23        0000
__Lsfr24                         sfr24        0000
__Lsfr25                         sfr25        0000
__Lsfr26                         sfr26        0000
__Lsfr27                         sfr27        0000
__Lsfr28                         sfr28        0000
__Lsfr29                         sfr29        0000
__Lsfr3                          sfr3         0000
__Lsfr30                         sfr30        0000
__Lsfr31                         sfr31        0000
__Lsfr4                          sfr4         0000
__Lsfr5                          sfr5         0000
__Lsfr6                          sfr6         0000
__Lsfr7                          sfr7         0000
__Lsfr8                          sfr8         0000
__Lsfr9                          sfr9         0000
__Lspace_0                       (abs)        0000
__Lspace_1                       (abs)        0000
__Lspace_2                       (abs)        0000
__Lspace_3                       (abs)        0000
__Lstack                         stack        0000
__Lstrings                       strings      0000
__Lstringtext1                   stringtext1  0000
__Ltext                          text         0000
__S0                             (abs)        067F
__S1                             (abs)        00C1
__S2                             (abs)        0000
__S3                             (abs)        0000
___int_sp                        stack        0000
___latbits                       (abs)        0001
___sp                            stack        0000
___wmul                          text14       0504
___wmul@multiplicand             cstackBANK0  005A
___wmul@multiplier               cstackBANK0  0058
___wmul@product                  cstackBANK0  005C
__end_ofPL10                     text14       05F2
__end_ofPL12                     text45       0345
__end_ofPL14                     text45       00F9
__end_ofPL16                     text14       05F8
__end_ofPL18                     text45       034A
__end_ofPL2                      text45       0339
__end_ofPL20                     text45       0350
__end_ofPL22                     text14       05FD
__end_ofPL4                      text14       05E9
__end_ofPL6                      text45       033F
__end_ofPL8                      text45       00F2
__end_of_App_Init                text14       0423
__end_of_App_Input_1ms           text45       0159
__end_of_App_Run                 text14       0504
__end_of_ISR                     intentry     000C
__end_of_LED_Init                text14       0468
__end_of_LED_Off                 text45       0075
__end_of_LED_On                  text14       0531
__end_of_LED_Process_1ms         text45       01B8
__end_of_LED_StartBlink          text45       00ED
__end_of_Motor_Arrived           text45       0327
__end_of_Motor_Close             text14       0390
__end_of_Motor_Init              text14       04A4
__end_of_Motor_Open              text14       03B4
__end_of_Motor_Stop_And_Clear    text45       0089
__end_of_Motor_Timer_Task        text45       01F3
__end_of_RF433_ISR               text45       028D
__end_of_RF433_Init              text14       0599
__end_of_UART_WiFi_ISR           text45       02EE
__end_of_UART_WiFi_Init          text14       05A9
__end_of_Unlock_Flash            text45       00D9
__end_of___wmul                  text14       0519
__end_of__initialization         text14       03C8
__end_of_act_duima_error         text45       004E
__end_of_act_duima_start         text45       0039
__end_of_act_error_recover       text45       0057
__end_of_act_motor_close         text14       0355
__end_of_act_motor_open          text14       035A
__end_of_act_motor_stop          text45       0041
__end_of_act_motor_toggle        text14       036C
__end_of_act_save_duima          text45       00B0
__end_of_act_start_running       text45       005F
__end_of_hal_eeprom_read         text14       043B
__end_of_hal_eeprom_write        text45       00CF
__end_of_hal_gpio_init           text14       05D1
__end_of_hal_led1_off            text35       0658
__end_of_hal_led1_on             text25       067D
__end_of_hal_led1_tog            text53       066E
__end_of_hal_led2_off            text36       0661
__end_of_hal_led2_on             text26       067F
__end_of_hal_led2_tog            text54       0672
__end_of_hal_motor_close         text23       0678
__end_of_hal_motor_open          text21       0675
__end_of_hal_motor_stop          text33       064E
__end_of_hal_tim4_init           text14       05E2
__end_of_main                    text14       03D8
__end_of_on_motor_arrived        text49       067B
__end_of_on_motor_jammed         text45       0019
__end_of_parse_rf433             text14       0556
__end_of_parse_wifi_frame        text14       0576
__end_of_save_code               text45       029A
__end_of_set_bit                 text45       02BE
__end_of_transitions             stringtext1  0648
__end_of_user_isr                text45       0115
__end_ofi1_LED_StartBlink        text45       002D
__end_ofi1_Motor_Stop_And_Clear  text45       0207
__end_ofi1_hal_led1_off          text35       065B
__end_ofi1_hal_led2_off          text36       0664
__end_ofi1_hal_motor_stop        text33       0652
__initialization                 text14       03B4
__pbitbssCOMMON                  bitbssCOMMON 03D0
__pbssBANK0                      bssBANK0     002B
__pbssBANK1                      bssBANK1     00A0
__pbssCOMMON                     bssCOMMON    007B
__pcstackBANK0                   cstackBANK0  0058
__pcstackCOMMON                  cstackCOMMON 0072
__pdataBANK0                     dataBANK0    0065
__pidataBANK0                    idataBANK0   0000
__pintentry                      intentry     0004
__pmaintext                      text14       03CB
__pstringtext1                   stringtext1  05FD
__ptext1                         text14       05D1
__ptext10                        text45       0041
__ptext11                        text45       002D
__ptext12                        text45       004E
__ptext13                        text45       0039
__ptext14                        text14       0350
__ptext15                        text14       0355
__ptext16                        text45       0057
__ptext17                        text45       00B0
__ptext18                        text45       00CF
__ptext19                        text45       0075
__ptext2                         text14       05A9
__ptext20                        text14       0390
__ptext21                        text21       0672
__ptext22                        text14       036C
__ptext23                        text23       0675
__ptext24                        text14       0519
__ptext25                        text25       067B
__ptext26                        text26       067D
__ptext27                        text45       00D9
__ptext28                        text45       005F
__ptext29                        text14       0504
__ptext3                         text14       0599
__ptext30                        text14       03D8
__ptext31                        text14       0423
__ptext32                        text14       0468
__ptext33                        text33       0648
__ptext34                        text14       043B
__ptext35                        text35       0652
__ptext36                        text36       065B
__ptext38                        text45       00F9
__ptext39                        text45       02BE
__ptext4                         text14       0576
__ptext40                        text45       0207
__ptext41                        text45       029A
__ptext42                        text45       028D
__ptext43                        text45       01B8
__ptext44                        text45       01F3
__ptext45                        text45       000E
__ptext46                        text45       0019
__ptext47                        text45       02EE
__ptext48                        text33       064E
__ptext49                        text49       0678
__ptext5                         text14       04A4
__ptext50                        text45       0159
__ptext51                        text35       0658
__ptext52                        text36       0661
__ptext53                        text53       066A
__ptext54                        text54       066E
__ptext55                        text45       0115
__ptext6                         text14       0556
__ptext7                         text14       0531
__ptext8                         text45       0089
__ptext9                         text14       035A
__size_of_App_Init               (abs)        0000
__size_of_App_Input_1ms          (abs)        0000
__size_of_App_Run                (abs)        0000
__size_of_ISR                    (abs)        0000
__size_of_LED_Init               (abs)        0000
__size_of_LED_Off                (abs)        0000
__size_of_LED_On                 (abs)        0000
__size_of_LED_Process_1ms        (abs)        0000
__size_of_LED_StartBlink         (abs)        0000
__size_of_Motor_Arrived          (abs)        0000
__size_of_Motor_Close            (abs)        0000
__size_of_Motor_Init             (abs)        0000
__size_of_Motor_Open             (abs)        0000
__size_of_Motor_Stop_And_Clear   (abs)        0000
__size_of_Motor_Timer_Task       (abs)        0000
__size_of_RF433_ISR              (abs)        0000
__size_of_RF433_Init             (abs)        0000
__size_of_UART_WiFi_ISR          (abs)        0000
__size_of_UART_WiFi_Init         (abs)        0000
__size_of_Unlock_Flash           (abs)        0000
__size_of___wmul                 (abs)        0000
__size_of_act_duima_error        (abs)        0000
__size_of_act_duima_start        (abs)        0000
__size_of_act_error_recover      (abs)        0000
__size_of_act_motor_close        (abs)        0000
__size_of_act_motor_open         (abs)        0000
__size_of_act_motor_stop         (abs)        0000
__size_of_act_motor_toggle       (abs)        0000
__size_of_act_save_duima         (abs)        0000
__size_of_act_start_running      (abs)        0000
__size_of_hal_eeprom_read        (abs)        0000
__size_of_hal_eeprom_write       (abs)        0000
__size_of_hal_gpio_init          (abs)        0000
__size_of_hal_led1_off           (abs)        0000
__size_of_hal_led1_on            (abs)        0000
__size_of_hal_led1_tog           (abs)        0000
__size_of_hal_led2_off           (abs)        0000
__size_of_hal_led2_on            (abs)        0000
__size_of_hal_led2_tog           (abs)        0000
__size_of_hal_motor_close        (abs)        0000
__size_of_hal_motor_open         (abs)        0000
__size_of_hal_motor_stop         (abs)        0000
__size_of_hal_tim4_init          (abs)        0000
__size_of_main                   (abs)        0000
__size_of_on_motor_arrived       (abs)        0000
__size_of_on_motor_jammed        (abs)        0000
__size_of_parse_rf433            (abs)        0000
__size_of_parse_wifi_frame       (abs)        0000
__size_of_save_code              (abs)        0000
__size_of_set_bit                (abs)        0000
__size_of_user_isr               (abs)        0000
__size_ofi1_LED_StartBlink       (abs)        0000
__size_ofi1_Motor_Stop_And_Clear (abs)        0000
__size_ofi1_hal_led1_off         (abs)        0000
__size_ofi1_hal_led2_off         (abs)        0000
__size_ofi1_hal_motor_stop       (abs)        0000
_a_code1                         (abs)        0021
_a_code2                         (abs)        0022
_a_code3                         (abs)        0023
_act_duima_error                 text45       0041
_act_duima_start                 text45       002D
_act_error_recover               text45       004E
_act_motor_close                 text14       0350
_act_motor_open                  text14       0355
_act_motor_stop                  text45       0039
_act_motor_toggle                text14       035A
_act_save_duima                  text45       0089
_act_start_running               text45       0057
_flag                            (abs)        0020
_g_event                         bssBANK0     003A
_g_led1                          bssBANK0     004C
_g_led2                          bssBANK1     00B5
_g_motor                         bssBANK0     003F
_g_pairedCode                    bssBANK0     002B
_g_power_cut                     bitbssCOMMON 03D0
_g_state                         bssBANK0     0039
_g_timer_ms                      bssBANK0     0037
_hal_eeprom_read                 text14       0423
_hal_eeprom_write                text45       00B0
_hal_gpio_init                   text14       05A9
_hal_led1_off                    text35       0652
_hal_led1_off$intlevel0          text35       0655
_hal_led1_on                     text25       067B
_hal_led1_tog                    text53       066A
_hal_led2_off                    text36       065B
_hal_led2_off$intlevel0          text36       065E
_hal_led2_on                     text26       067D
_hal_led2_tog                    text54       066E
_hal_motor_close                 text23       0675
_hal_motor_open                  text21       0672
_hal_motor_stop                  text33       0648
_hal_motor_stop$intlevel0        text33       064B
_hal_tim4_init                   text14       05D1
_hh_w                            (abs)        0024
_ll_w                            (abs)        0025
_ma_x                            (abs)        0029
_main                            text14       03CB
_on_motor_arrived                text49       0678
_on_motor_jammed                 text45       000E
_parse_rf433                     text14       0531
_parse_wifi_frame                text14       0556
_pre_cnt                         (abs)        002A
_rf_data                         bssBANK0     002E
_rf_data_ready                   bssBANK0     003B
_rx_buf                          bssBANK1     00AB
_rx_flag                         bssBANK0     003E
_rx_len                          bssCOMMON    007B
_s                               bssBANK0     0035
_s_duimaTimer                    bssBANK0     0031
_s_keyHoldMs                     bssBANK0     0033
_s_keyLast                       dataBANK0    0065
_save_code                       text45       028D
_set_bit                         text45       029A
_t_code1                         (abs)        0026
_t_code2                         (abs)        0027
_t_code3                         (abs)        0028
_transitions                     stringtext1  05FD
_tx_buf                          bssBANK1     00A0
_tx_idx                          bssBANK0     003C
_tx_total                        bssBANK0     003D
_user_isr                        text45       00F9
btemp                            (abs)        007E
clear_ram0                       clrtext      0664
end_of_initialization            text14       03C8
hal_eeprom_read@addr             cstackBANK0  0058
hal_eeprom_read@data             cstackBANK0  0059
hal_eeprom_write@addr            cstackBANK0  0059
hal_eeprom_write@data            cstackBANK0  0058
i1LED_StartBlink@interval_ms     cstackCOMMON 0074
i1LED_StartBlink@led             cstackCOMMON 0076
i1LED_StartBlink@total_ms        cstackCOMMON 0072
i1Motor_Stop_And_Clear@motor     cstackCOMMON 0074
i1_LED_StartBlink                text45       0019
i1_Motor_Stop_And_Clear          text45       01F3
i1_hal_led1_off                  text35       0658
i1_hal_led2_off                  text36       0661
i1_hal_motor_stop                text33       064E
int$flags                        (abs)        007E
intlevel0                        functab      0000
intlevel1                        functab      0000
intlevel2                        functab      0000
intlevel3                        functab      0000
intlevel4                        functab      0000
intlevel5                        functab      0000
parse_rf433@cmd                  cstackBANK0  005A
reset_vec                        reset_vec    0000
set_bit@bit_idx                  cstackCOMMON 0077
set_bit@mask                     cstackCOMMON 0076
stackhi                          (abs)        21EF
stacklo                          (abs)        2071
start                            init         000C
start_initialization             text14       03B4
wtemp0                           (abs)        007E


FUNCTION INFORMATION:

 *************** function _main *****************
 Defined at:
		line 28 in file "main.c"
 Parameters:    Size  Location     Type
		None
 Auto vars:     Size  Location     Type
		None
 Return value:  Size  Location     Type
                  1    wreg      void 
 Registers used:
		wreg, fsr0l, fsr0h, fsr1l, fsr1h, status,2, status,0, pclath, cstack
 Tracked objects:
		On entry : 
		On exit  : 
		Unchanged: 
 Data sizes:     COMMON   BANK0   BANK1   BANK2   BANK3   BANK4   BANK5   BANK6
      Params:         0       0       0       0       0       0       0       0
      Locals:         0       0       0       0       0       0       0       0
      Temps:          0       0       0       0       0       0       0       0
      Totals:         0       0       0       0       0       0       0       0
Total ram usage:        0 bytes
 Hardware stack levels required when called:    9
 This function calls:
		_App_Init
		_App_Run
		_RF433_Init
		_UART_WiFi_Init
		_hal_gpio_init
		_hal_tim4_init
 This function is called by:
		Startup code after reset
 This function uses a non-reentrant model


 *************** function _hal_tim4_init *****************
 Defined at:
		line 76 in file "4_HAL\hal_gpio.c"
 Parameters:    Size  Location     Type
		None
 Auto vars:     Size  Location     Type
		None
 Return value:  Size  Location     Type
                  1    wreg      void 
 Registers used:
		wreg, status,2, status,0
 Tracked objects:
		On entry : 
		On exit  : 
		Unchanged: 
 Data sizes:     COMMON   BANK0   BANK1   BANK2   BANK3   BANK4   BANK5   BANK6
      Params:         0       0       0       0       0       0       0       0
      Locals:         0       0       0       0       0       0       0       0
      Temps:          0       0       0       0       0       0       0       0
      Totals:         0       0       0       0       0       0       0       0
Total ram usage:        0 bytes
 Hardware stack levels used:    1
 Hardware stack levels required when called:    5
 This function calls:
		Nothing
 This function is called by:
		_main
 This function uses a non-reentrant model


 *************** function _hal_gpio_init *****************
 Defined at:
		line 39 in file "4_HAL\hal_gpio.c"
 Parameters:    Size  Location     Type
		None
 Auto vars:     Size  Location     Type
		None
 Return value:  Size  Location     Type
                  1    wreg      void 
 Registers used:
		wreg, status,2
 Tracked objects:
		On entry : 
		On exit  : 
		Unchanged: 
 Data sizes:     COMMON   BANK0   BANK1   BANK2   BANK3   BANK4   BANK5   BANK6
      Params:         0       0       0       0       0       0       0       0
      Locals:         0       0       0       0       0       0       0       0
      Temps:          0       0       0       0       0       0       0       0
      Totals:         0       0       0       0       0       0       0       0
Total ram usage:        0 bytes
 Hardware stack levels used:    1
 Hardware stack levels required when called:    5
 This function calls:
		Nothing
 This function is called by:
		_main
 This function uses a non-reentrant model


 *************** function _UART_WiFi_Init *****************
 Defined at:
		line 12 in file "3_Driver\uart\uart_wifi.c"
 Parameters:    Size  Location     Type
		None
 Auto vars:     Size  Location     Type
		None
 Return value:  Size  Location     Type
                  1    wreg      void 
 Registers used:
		wreg, status,2
 Tracked objects:
		On entry : 
		On exit  : 
		Unchanged: 
 Data sizes:     COMMON   BANK0   BANK1   BANK2   BANK3   BANK4   BANK5   BANK6
      Params:         0       0       0       0       0       0       0       0
      Locals:         0       0       0       0       0       0       0       0
      Temps:          0       0       0       0       0       0       0       0
      Totals:         0       0       0       0       0       0       0       0
Total ram usage:        0 bytes
 Hardware stack levels used:    1
 Hardware stack levels required when called:    5
 This function calls:
		Nothing
 This function is called by:
		_main
 This function uses a non-reentrant model


 *************** function _RF433_Init *****************
 Defined at:
		line 41 in file "3_Driver\rf433\rf433.c"
 Parameters:    Size  Location     Type
		None
 Auto vars:     Size  Location     Type
		None
 Return value:  Size  Location     Type
                  1    wreg      void 
 Registers used:
		wreg, status,2
 Tracked objects:
		On entry : 
		On exit  : 
		Unchanged: 
 Data sizes:     COMMON   BANK0   BANK1   BANK2   BANK3   BANK4   BANK5   BANK6
      Params:         0       0       0       0       0       0       0       0
      Locals:         0       0       0       0       0       0       0       0
      Temps:          0       0       0       0       0       0       0       0
      Totals:         0       0       0       0       0       0       0       0
Total ram usage:        0 bytes
 Hardware stack levels used:    1
 Hardware stack levels required when called:    5
 This function calls:
		Nothing
 This function is called by:
		_main
 This function uses a non-reentrant model


 *************** function _App_Run *****************
 Defined at:
		line 210 in file "1_App\app.c"
 Parameters:    Size  Location     Type
		None
 Auto vars:     Size  Location     Type
  i               1    9[BANK0 ] unsigned char 
  ev              1    8[BANK0 ] enum E8
 Return value:  Size  Location     Type
                  1    wreg      void 
 Registers used:
		wreg, fsr0l, fsr0h, fsr1l, fsr1h, status,2, status,0, pclath, cstack
 Tracked objects:
		On entry : 
		On exit  : 
		Unchanged: 
 Data sizes:     COMMON   BANK0   BANK1   BANK2   BANK3   BANK4   BANK5   BANK6
      Params:         0       0       0       0       0       0       0       0
      Locals:         0       2       0       0       0       0       0       0
      Temps:          0       2       0       0       0       0       0       0
      Totals:         0       4       0       0       0       0       0       0
Total ram usage:        4 bytes
 Hardware stack levels used:    1
 Hardware stack levels required when called:    8
 This function calls:
		_LED_On
		___wmul
		_act_duima_error
		_act_duima_start
		_act_error_recover
		_act_motor_close
		_act_motor_open
		_act_motor_stop
		_act_motor_toggle
		_act_save_duima
		_act_start_running
		_parse_rf433
		_parse_wifi_frame
 This function is called by:
		_main
 This function uses a non-reentrant model


 *************** function _parse_wifi_frame *****************
 Defined at:
		line 132 in file "1_App\app.c"
 Parameters:    Size  Location     Type
		None
 Auto vars:     Size  Location     Type
		None
 Return value:  Size  Location     Type
                  1    wreg      void 
 Registers used:
		wreg, fsr0l, fsr0h, status,2, status,0
 Tracked objects:
		On entry : 
		On exit  : 
		Unchanged: 
 Data sizes:     COMMON   BANK0   BANK1   BANK2   BANK3   BANK4   BANK5   BANK6
      Params:         0       0       0       0       0       0       0       0
      Locals:         0       0       0       0       0       0       0       0
      Temps:          0       0       0       0       0       0       0       0
      Totals:         0       0       0       0       0       0       0       0
Total ram usage:        0 bytes
 Hardware stack levels used:    1
 Hardware stack levels required when called:    5
 This function calls:
		Nothing
 This function is called by:
		_App_Run
 This function uses a non-reentrant model


 *************** function _parse_rf433 *****************
 Defined at:
		line 158 in file "1_App\app.c"
 Parameters:    Size  Location     Type
		None
 Auto vars:     Size  Location     Type
  cmd             1    2[BANK0 ] unsigned char 
 Return value:  Size  Location     Type
                  1    wreg      void 
 Registers used:
		wreg, status,2, status,0
 Tracked objects:
		On entry : 
		On exit  : 
		Unchanged: 
 Data sizes:     COMMON   BANK0   BANK1   BANK2   BANK3   BANK4   BANK5   BANK6
      Params:         0       0       0       0       0       0       0       0
      Locals:         0       1       0       0       0       0       0       0
      Temps:          0       2       0       0       0       0       0       0
      Totals:         0       3       0       0       0       0       0       0
Total ram usage:        3 bytes
 Hardware stack levels used:    1
 Hardware stack levels required when called:    5
 This function calls:
		Nothing
 This function is called by:
		_App_Run
 This function uses a non-reentrant model


 *************** function _act_save_duima *****************
 Defined at:
		line 64 in file "1_App\app.c"
 Parameters:    Size  Location     Type
		None
 Auto vars:     Size  Location     Type
		None
 Return value:  Size  Location     Type
                  1    wreg      void 
 Registers used:
		wreg, fsr1l, fsr1h, status,2, status,0, pclath, cstack
 Tracked objects:
		On entry : 
		On exit  : 
		Unchanged: 
 Data sizes:     COMMON   BANK0   BANK1   BANK2   BANK3   BANK4   BANK5   BANK6
      Params:         0       0       0       0       0       0       0       0
      Locals:         0       0       0       0       0       0       0       0
      Temps:          0       0       0       0       0       0       0       0
      Totals:         0       0       0       0       0       0       0       0
Total ram usage:        0 bytes
 Hardware stack levels used:    1
 Hardware stack levels required when called:    7
 This function calls:
		_LED_StartBlink
		_hal_eeprom_write
 This function is called by:
		_App_Run
 This function uses a non-reentrant model


 *************** function _act_motor_toggle *****************
 Defined at:
		line 52 in file "1_App\app.c"
 Parameters:    Size  Location     Type
		None
 Auto vars:     Size  Location     Type
		None
 Return value:  Size  Location     Type
                  1    wreg      void 
 Registers used:
		wreg, fsr1l, fsr1h, status,2, status,0, pclath, cstack
 Tracked objects:
		On entry : 
		On exit  : 
		Unchanged: 
 Data sizes:     COMMON   BANK0   BANK1   BANK2   BANK3   BANK4   BANK5   BANK6
      Params:         0       0       0       0       0       0       0       0
      Locals:         0       0       0       0       0       0       0       0
      Temps:          0       0       0       0       0       0       0       0
      Totals:         0       0       0       0       0       0       0       0
Total ram usage:        0 bytes
 Hardware stack levels used:    1
 Hardware stack levels required when called:    7
 This function calls:
		_LED_On
		_Motor_Close
		_Motor_Open
 This function is called by:
		_App_Run
 This function uses a non-reentrant model


 *************** function _act_duima_error *****************
 Defined at:
		line 50 in file "1_App\app.c"
 Parameters:    Size  Location     Type
		None
 Auto vars:     Size  Location     Type
		None
 Return value:  Size  Location     Type
                  1    wreg      void 
 Registers used:
		wreg, fsr1l, fsr1h, status,2, status,0, pclath, cstack
 Tracked objects:
		On entry : 
		On exit  : 
		Unchanged: 
 Data sizes:     COMMON   BANK0   BANK1   BANK2   BANK3   BANK4   BANK5   BANK6
      Params:         0       0       0       0       0       0       0       0
      Locals:         0       0       0       0       0       0       0       0
      Temps:          0       0       0       0       0       0       0       0
      Totals:         0       0       0       0       0       0       0       0
Total ram usage:        0 bytes
 Hardware stack levels used:    1
 Hardware stack levels required when called:    7
 This function calls:
		_LED_Off
		_LED_StartBlink
 This function is called by:
		_App_Run
 This function uses a non-reentrant model


 *************** function _act_duima_start *****************
 Defined at:
		line 49 in file "1_App\app.c"
 Parameters:    Size  Location     Type
		None
 Auto vars:     Size  Location     Type
		None
 Return value:  Size  Location     Type
                  1    wreg      void 
 Registers used:
		wreg, fsr1l, fsr1h, status,2, status,0, pclath, cstack
 Tracked objects:
		On entry : 
		On exit  : 
		Unchanged: 
 Data sizes:     COMMON   BANK0   BANK1   BANK2   BANK3   BANK4   BANK5   BANK6
      Params:         0       0       0       0       0       0       0       0
      Locals:         0       0       0       0       0       0       0       0
      Temps:          0       0       0       0       0       0       0       0
      Totals:         0       0       0       0       0       0       0       0
Total ram usage:        0 bytes
 Hardware stack levels used:    1
 Hardware stack levels required when called:    7
 This function calls:
		_LED_Off
		_LED_StartBlink
 This function is called by:
		_App_Run
 This function uses a non-reentrant model


 *************** function _act_error_recover *****************
 Defined at:
		line 48 in file "1_App\app.c"
 Parameters:    Size  Location     Type
		None
 Auto vars:     Size  Location     Type
		None
 Return value:  Size  Location     Type
                  1    wreg      void 
 Registers used:
		wreg, fsr1l, fsr1h, status,2, status,0, pclath, cstack
 Tracked objects:
		On entry : 
		On exit  : 
		Unchanged: 
 Data sizes:     COMMON   BANK0   BANK1   BANK2   BANK3   BANK4   BANK5   BANK6
      Params:         0       0       0       0       0       0       0       0
      Locals:         0       0       0       0       0       0       0       0
      Temps:          0       0       0       0       0       0       0       0
      Totals:         0       0       0       0       0       0       0       0
Total ram usage:        0 bytes
 Hardware stack levels used:    1
 Hardware stack levels required when called:    7
 This function calls:
		_LED_Off
		_LED_StartBlink
 This function is called by:
		_App_Run
 This function uses a non-reentrant model


 *************** function _act_motor_stop *****************
 Defined at:
		line 46 in file "1_App\app.c"
 Parameters:    Size  Location     Type
		None
 Auto vars:     Size  Location     Type
		None
 Return value:  Size  Location     Type
                  1    wreg      void 
 Registers used:
		wreg, fsr1l, fsr1h, status,2, status,0, pclath, cstack
 Tracked objects:
		On entry : 
		On exit  : 
		Unchanged: 
 Data sizes:     COMMON   BANK0   BANK1   BANK2   BANK3   BANK4   BANK5   BANK6
      Params:         0       0       0       0       0       0       0       0
      Locals:         0       0       0       0       0       0       0       0
      Temps:          0       0       0       0       0       0       0       0
      Totals:         0       0       0       0       0       0       0       0
Total ram usage:        0 bytes
 Hardware stack levels used:    1
 Hardware stack levels required when called:    7
 This function calls:
		_LED_StartBlink
		_Motor_Stop_And_Clear
 This function is called by:
		_App_Run
 This function uses a non-reentrant model


 *************** function _act_motor_close *****************
 Defined at:
		line 45 in file "1_App\app.c"
 Parameters:    Size  Location     Type
		None
 Auto vars:     Size  Location     Type
		None
 Return value:  Size  Location     Type
                  1    wreg      void 
 Registers used:
		wreg, fsr1l, fsr1h, status,2, status,0, pclath, cstack
 Tracked objects:
		On entry : 
		On exit  : 
		Unchanged: 
 Data sizes:     COMMON   BANK0   BANK1   BANK2   BANK3   BANK4   BANK5   BANK6
      Params:         0       0       0       0       0       0       0       0
      Locals:         0       0       0       0       0       0       0       0
      Temps:          0       0       0       0       0       0       0       0
      Totals:         0       0       0       0       0       0       0       0
Total ram usage:        0 bytes
 Hardware stack levels used:    1
 Hardware stack levels required when called:    7
 This function calls:
		_LED_On
		_Motor_Close
 This function is called by:
		_App_Run
 This function uses a non-reentrant model


 *************** function _act_motor_open *****************
 Defined at:
		line 44 in file "1_App\app.c"
 Parameters:    Size  Location     Type
		None
 Auto vars:     Size  Location     Type
		None
 Return value:  Size  Location     Type
                  1    wreg      void 
 Registers used:
		wreg, fsr1l, fsr1h, status,2, status,0, pclath, cstack
 Tracked objects:
		On entry : 
		On exit  : 
		Unchanged: 
 Data sizes:     COMMON   BANK0   BANK1   BANK2   BANK3   BANK4   BANK5   BANK6
      Params:         0       0       0       0       0       0       0       0
      Locals:         0       0       0       0       0       0       0       0
      Temps:          0       0       0       0       0       0       0       0
      Totals:         0       0       0       0       0       0       0       0
Total ram usage:        0 bytes
 Hardware stack levels used:    1
 Hardware stack levels required when called:    7
 This function calls:
		_LED_On
		_Motor_Open
 This function is called by:
		_App_Run
 This function uses a non-reentrant model


 *************** function _act_start_running *****************
 Defined at:
		line 43 in file "1_App\app.c"
 Parameters:    Size  Location     Type
		None
 Auto vars:     Size  Location     Type
		None
 Return value:  Size  Location     Type
                  1    wreg      void 
 Registers used:
		wreg, fsr1l, fsr1h, status,2, status,0, pclath, cstack
 Tracked objects:
		On entry : 
		On exit  : 
		Unchanged: 
 Data sizes:     COMMON   BANK0   BANK1   BANK2   BANK3   BANK4   BANK5   BANK6
      Params:         0       0       0       0       0       0       0       0
      Locals:         0       0       0       0       0       0       0       0
      Temps:          0       0       0       0       0       0       0       0
      Totals:         0       0       0       0       0       0       0       0
Total ram usage:        0 bytes
 Hardware stack levels used:    1
 Hardware stack levels required when called:    7
 This function calls:
		_LED_Off
		_Motor_Stop_And_Clear
 This function is called by:
		_App_Run
 This function uses a non-reentrant model


 *************** function _hal_eeprom_write *****************
 Defined at:
		line 74 in file "4_HAL\hal_eeprom.c"
 Parameters:    Size  Location     Type
  addr            1    wreg     unsigned char 
  data            1    0[BANK0 ] unsigned char 
 Auto vars:     Size  Location     Type
  addr            1    1[BANK0 ] unsigned char 
 Return value:  Size  Location     Type
                  1    wreg      void 
 Registers used:
		wreg, status,2, status,0, pclath, cstack
 Tracked objects:
		On entry : 
		On exit  : 
		Unchanged: 
 Data sizes:     COMMON   BANK0   BANK1   BANK2   BANK3   BANK4   BANK5   BANK6
      Params:         0       1       0       0       0       0       0       0
      Locals:         0       1       0       0       0       0       0       0
      Temps:          0       0       0       0       0       0       0       0
      Totals:         0       2       0       0       0       0       0       0
Total ram usage:        2 bytes
 Hardware stack levels used:    1
 Hardware stack levels required when called:    6
 This function calls:
		_Unlock_Flash
 This function is called by:
		_act_save_duima
 This function uses a non-reentrant model


 *************** function _Unlock_Flash *****************
 Defined at:
		line 22 in file "4_HAL\hal_eeprom.c"
 Parameters:    Size  Location     Type
		None
 Auto vars:     Size  Location     Type
		None
 Return value:  Size  Location     Type
                  1    wreg      void 
 Registers used:
		None
 Tracked objects:
		On entry : 
		On exit  : 
		Unchanged: 
 Data sizes:     COMMON   BANK0   BANK1   BANK2   BANK3   BANK4   BANK5   BANK6
      Params:         0       0       0       0       0       0       0       0
      Locals:         0       0       0       0       0       0       0       0
      Temps:          0       0       0       0       0       0       0       0
      Totals:         0       0       0       0       0       0       0       0
Total ram usage:        0 bytes
 Hardware stack levels used:    1
 Hardware stack levels required when called:    5
 This function calls:
		Nothing
 This function is called by:
		_hal_eeprom_write
 This function uses a non-reentrant model


 *************** function _Motor_Stop_And_Clear *****************
 Defined at:
		line 49 in file "3_Driver\motor\motor_driver.c"
 Parameters:    Size  Location     Type
  motor           1    wreg     PTR struct .
		 -> g_motor(13), 
 Auto vars:     Size  Location     Type
  motor           1    2[BANK0 ] PTR struct .
		 -> g_motor(13), 
 Return value:  Size  Location     Type
                  1    wreg      void 
 Registers used:
		wreg, fsr1l, fsr1h, status,2, status,0, pclath, cstack
 Tracked objects:
		On entry : 
		On exit  : 
		Unchanged: 
 Data sizes:     COMMON   BANK0   BANK1   BANK2   BANK3   BANK4   BANK5   BANK6
      Params:         0       0       0       0       0       0       0       0
      Locals:         0       1       0       0       0       0       0       0
      Temps:          0       2       0       0       0       0       0       0
      Totals:         0       3       0       0       0       0       0       0
Total ram usage:        3 bytes
 Hardware stack levels used:    1
 Hardware stack levels required when called:    6
 This function calls:
		_hal_motor_stop
 This function is called by:
		_act_start_running
		_act_motor_stop
 This function uses a non-reentrant model


 *************** function _Motor_Open *****************
 Defined at:
		line 19 in file "3_Driver\motor\motor_driver.c"
 Parameters:    Size  Location     Type
  motor           1    wreg     PTR struct .
		 -> g_motor(13), 
 Auto vars:     Size  Location     Type
  motor           1    2[BANK0 ] PTR struct .
		 -> g_motor(13), 
 Return value:  Size  Location     Type
                  1    wreg      void 
 Registers used:
		wreg, fsr1l, fsr1h, status,2, status,0, pclath, cstack
 Tracked objects:
		On entry : 
		On exit  : 
		Unchanged: 
 Data sizes:     COMMON   BANK0   BANK1   BANK2   BANK3   BANK4   BANK5   BANK6
      Params:         0       0       0       0       0       0       0       0
      Locals:         0       1       0       0       0       0       0       0
      Temps:          0       2       0       0       0       0       0       0
      Totals:         0       3       0       0       0       0       0       0
Total ram usage:        3 bytes
 Hardware stack levels used:    1
 Hardware stack levels required when called:    6
 This function calls:
		_hal_motor_open
 This function is called by:
		_act_motor_open
		_act_motor_toggle
 This function uses a non-reentrant model


 *************** function _hal_motor_open *****************
 Defined at:
		line 147 in file "4_HAL\hal_gpio.c"
 Parameters:    Size  Location     Type
		None
 Auto vars:     Size  Location     Type
		None
 Return value:  Size  Location     Type
                  1    wreg      void 
 Registers used:
		None
 Tracked objects:
		On entry : 
		On exit  : 
		Unchanged: 
 Data sizes:     COMMON   BANK0   BANK1   BANK2   BANK3   BANK4   BANK5   BANK6
      Params:         0       0       0       0       0       0       0       0
      Locals:         0       0       0       0       0       0       0       0
      Temps:          0       0       0       0       0       0       0       0
      Totals:         0       0       0       0       0       0       0       0
Total ram usage:        0 bytes
 Hardware stack levels used:    1
 Hardware stack levels required when called:    5
 This function calls:
		Nothing
 This function is called by:
		_App_Init
		_Motor_Open
 This function uses a non-reentrant model


 *************** function _Motor_Close *****************
 Defined at:
		line 28 in file "3_Driver\motor\motor_driver.c"
 Parameters:    Size  Location     Type
  motor           1    wreg     PTR struct .
		 -> g_motor(13), 
 Auto vars:     Size  Location     Type
  motor           1    2[BANK0 ] PTR struct .
		 -> g_motor(13), 
 Return value:  Size  Location     Type
                  1    wreg      void 
 Registers used:
		wreg, fsr1l, fsr1h, status,2, status,0, pclath, cstack
 Tracked objects:
		On entry : 
		On exit  : 
		Unchanged: 
 Data sizes:     COMMON   BANK0   BANK1   BANK2   BANK3   BANK4   BANK5   BANK6
      Params:         0       0       0       0       0       0       0       0
      Locals:         0       1       0       0       0       0       0       0
      Temps:          0       2       0       0       0       0       0       0
      Totals:         0       3       0       0       0       0       0       0
Total ram usage:        3 bytes
 Hardware stack levels used:    1
 Hardware stack levels required when called:    6
 This function calls:
		_hal_motor_close
 This function is called by:
		_act_motor_close
		_act_motor_toggle
 This function uses a non-reentrant model


 *************** function _hal_motor_close *****************
 Defined at:
		line 155 in file "4_HAL\hal_gpio.c"
 Parameters:    Size  Location     Type
		None
 Auto vars:     Size  Location     Type
		None
 Return value:  Size  Location     Type
                  1    wreg      void 
 Registers used:
		None
 Tracked objects:
		On entry : 
		On exit  : 
		Unchanged: 
 Data sizes:     COMMON   BANK0   BANK1   BANK2   BANK3   BANK4   BANK5   BANK6
      Params:         0       0       0       0       0       0       0       0
      Locals:         0       0       0       0       0       0       0       0
      Temps:          0       0       0       0       0       0       0       0
      Totals:         0       0       0       0       0       0       0       0
Total ram usage:        0 bytes
 Hardware stack levels used:    1
 Hardware stack levels required when called:    5
 This function calls:
		Nothing
 This function is called by:
		_App_Init
		_Motor_Close
 This function uses a non-reentrant model


 *************** function _LED_On *****************
 Defined at:
		line 15 in file "3_Driver\led\led_driver.c"
 Parameters:    Size  Location     Type
  led             1    wreg     PTR struct .
		 -> g_led1(12), 
 Auto vars:     Size  Location     Type
  led             1    2[BANK0 ] PTR struct .
		 -> g_led1(12), 
 Return value:  Size  Location     Type
                  1    wreg      void 
 Registers used:
		wreg, fsr1l, fsr1h, status,2, status,0, pclath, cstack
 Tracked objects:
		On entry : 
		On exit  : 
		Unchanged: 
 Data sizes:     COMMON   BANK0   BANK1   BANK2   BANK3   BANK4   BANK5   BANK6
      Params:         0       0       0       0       0       0       0       0
      Locals:         0       1       0       0       0       0       0       0
      Temps:          0       2       0       0       0       0       0       0
      Totals:         0       3       0       0       0       0       0       0
Total ram usage:        3 bytes
 Hardware stack levels used:    1
 Hardware stack levels required when called:    6
 This function calls:
		_hal_led1_on
		_hal_led2_on
 This function is called by:
		_act_motor_open
		_act_motor_close
		_act_motor_toggle
		_App_Run
 This function uses a non-reentrant model


 *************** function _hal_led1_on *****************
 Defined at:
		line 97 in file "4_HAL\hal_gpio.c"
 Parameters:    Size  Location     Type
		None
 Auto vars:     Size  Location     Type
		None
 Return value:  Size  Location     Type
                  1    wreg      void 
 Registers used:
		None
 Tracked objects:
		On entry : 
		On exit  : 
		Unchanged: 
 Data sizes:     COMMON   BANK0   BANK1   BANK2   BANK3   BANK4   BANK5   BANK6
      Params:         0       0       0       0       0       0       0       0
      Locals:         0       0       0       0       0       0       0       0
      Temps:          0       0       0       0       0       0       0       0
      Totals:         0       0       0       0       0       0       0       0
Total ram usage:        0 bytes
 Hardware stack levels used:    1
 Hardware stack levels required when called:    5
 This function calls:
		Nothing
 This function is called by:
		_App_Init
		_LED_On
 This function uses a non-reentrant model


 *************** function _hal_led2_on *****************
 Defined at:
		line 121 in file "4_HAL\hal_gpio.c"
 Parameters:    Size  Location     Type
		None
 Auto vars:     Size  Location     Type
		None
 Return value:  Size  Location     Type
                  1    wreg      void 
 Registers used:
		None
 Tracked objects:
		On entry : 
		On exit  : 
		Unchanged: 
 Data sizes:     COMMON   BANK0   BANK1   BANK2   BANK3   BANK4   BANK5   BANK6
      Params:         0       0       0       0       0       0       0       0
      Locals:         0       0       0       0       0       0       0       0
      Temps:          0       0       0       0       0       0       0       0
      Totals:         0       0       0       0       0       0       0       0
Total ram usage:        0 bytes
 Hardware stack levels used:    1
 Hardware stack levels required when called:    5
 This function calls:
		Nothing
 This function is called by:
		_App_Init
		_LED_On
 This function uses a non-reentrant model


 *************** function _LED_StartBlink *****************
 Defined at:
		line 29 in file "3_Driver\led\led_driver.c"
 Parameters:    Size  Location     Type
  led             1    wreg     PTR struct .
		 -> g_led2(12), g_led1(12), 
  total_ms        2    0[BANK0 ] unsigned int 
  interval_ms     2    2[BANK0 ] unsigned int 
 Auto vars:     Size  Location     Type
  led             1    4[BANK0 ] PTR struct .
		 -> g_led2(12), g_led1(12), 
 Return value:  Size  Location     Type
                  1    wreg      void 
 Registers used:
		wreg, fsr1l, fsr1h, status,2, status,0
 Tracked objects:
		On entry : 
		On exit  : 
		Unchanged: 
 Data sizes:     COMMON   BANK0   BANK1   BANK2   BANK3   BANK4   BANK5   BANK6
      Params:         0       4       0       0       0       0       0       0
      Locals:         0       1       0       0       0       0       0       0
      Temps:          0       0       0       0       0       0       0       0
      Totals:         0       5       0       0       0       0       0       0
Total ram usage:        5 bytes
 Hardware stack levels used:    1
 Hardware stack levels required when called:    5
 This function calls:
		Nothing
 This function is called by:
		_act_motor_stop
		_act_error_recover
		_act_duima_start
		_act_duima_error
		_act_save_duima
 This function uses a non-reentrant model


 *************** function _LED_Off *****************
 Defined at:
		line 22 in file "3_Driver\led\led_driver.c"
 Parameters:    Size  Location     Type
  led             1    wreg     PTR struct .
		 -> g_led2(12), g_led1(12), 
 Auto vars:     Size  Location     Type
  led             1    2[BANK0 ] PTR struct .
		 -> g_led2(12), g_led1(12), 
 Return value:  Size  Location     Type
                  1    wreg      void 
 Registers used:
		wreg, fsr1l, fsr1h, status,2, status,0, pclath, cstack
 Tracked objects:
		On entry : 
		On exit  : 
		Unchanged: 
 Data sizes:     COMMON   BANK0   BANK1   BANK2   BANK3   BANK4   BANK5   BANK6
      Params:         0       0       0       0       0       0       0       0
      Locals:         0       1       0       0       0       0       0       0
      Temps:          0       2       0       0       0       0       0       0
      Totals:         0       3       0       0       0       0       0       0
Total ram usage:        3 bytes
 Hardware stack levels used:    1
 Hardware stack levels required when called:    6
 This function calls:
		_hal_led1_off
		_hal_led2_off
 This function is called by:
		_act_start_running
		_act_error_recover
		_act_duima_start
		_act_duima_error
 This function uses a non-reentrant model


 *************** function ___wmul *****************
 Defined at:
		line 15 in file "E:\FMDprogrammer\Compiler\data\sources\common\Umul16.c"
 Parameters:    Size  Location     Type
  multiplier      2    0[BANK0 ] unsigned int 
  multiplicand    2    2[BANK0 ] unsigned int 
 Auto vars:     Size  Location     Type
  product         2    4[BANK0 ] unsigned int 
 Return value:  Size  Location     Type
                  2    0[BANK0 ] unsigned int 
 Registers used:
		wreg, status,2, status,0
 Tracked objects:
		On entry : 
		On exit  : 
		Unchanged: 
 Data sizes:     COMMON   BANK0   BANK1   BANK2   BANK3   BANK4   BANK5   BANK6
      Params:         0       4       0       0       0       0       0       0
      Locals:         0       2       0       0       0       0       0       0
      Temps:          0       0       0       0       0       0       0       0
      Totals:         0       6       0       0       0       0       0       0
Total ram usage:        6 bytes
 Hardware stack levels used:    1
 Hardware stack levels required when called:    5
 This function calls:
		Nothing
 This function is called by:
		_App_Run
 This function uses a non-reentrant model


 *************** function _App_Init *****************
 Defined at:
		line 187 in file "1_App\app.c"
 Parameters:    Size  Location     Type
		None
 Auto vars:     Size  Location     Type
		None
 Return value:  Size  Location     Type
                  1    wreg      void 
 Registers used:
		wreg, fsr1l, fsr1h, status,2, status,0, pclath, cstack
 Tracked objects:
		On entry : 
		On exit  : 
		Unchanged: 
 Data sizes:     COMMON   BANK0   BANK1   BANK2   BANK3   BANK4   BANK5   BANK6
      Params:         0       0       0       0       0       0       0       0
      Locals:         0       0       0       0       0       0       0       0
      Temps:          0       0       0       0       0       0       0       0
      Totals:         0       0       0       0       0       0       0       0
Total ram usage:        0 bytes
 Hardware stack levels used:    1
 Hardware stack levels required when called:    7
 This function calls:
		_LED_Init
		_Motor_Init
		_hal_eeprom_read
 This function is called by:
		_main
 This function uses a non-reentrant model


 *************** function _hal_eeprom_read *****************
 Defined at:
		line 43 in file "4_HAL\hal_eeprom.c"
 Parameters:    Size  Location     Type
[...]
 Parameters:    Size  Location     Type
  bit_idx         1    wreg     unsigned char 
 Auto vars:     Size  Location     Type
  bit_idx         1    5[COMMON] unsigned char 
  mask            1    4[COMMON] unsigned char 
 Return value:  Size  Location     Type
                  1    wreg      void 
 Registers used:
		wreg, status,2, status,0
 Tracked objects:
		On entry : 
		On exit  : 
		Unchanged: 
 Data sizes:     COMMON   BANK0   BANK1   BANK2   BANK3   BANK4   BANK5   BANK6
      Params:         0       0       0       0       0       0       0       0
      Locals:         2       0       0       0       0       0       0       0
      Temps:          4       0       0       0       0       0       0       0
      Totals:         6       0       0       0       0       0       0       0
Total ram usage:        6 bytes
 Hardware stack levels used:    1
 This function calls:
		Nothing
 This function is called by:
		_RF433_ISR
 This function uses a non-reentrant model


 *************** function _save_code *****************
 Defined at:
		line 76 in file "3_Driver\rf433\rf433.c"
 Parameters:    Size  Location     Type
		None
 Auto vars:     Size  Location     Type
		None
 Return value:  Size  Location     Type
                  1    wreg      void 
 Registers used:
		wreg
 Tracked objects:
		On entry : 
		On exit  : 
		Unchanged: 
 Data sizes:     COMMON   BANK0   BANK1   BANK2   BANK3   BANK4   BANK5   BANK6
      Params:         0       0       0       0       0       0       0       0
      Locals:         0       0       0       0       0       0       0       0
      Temps:          0       0       0       0       0       0       0       0
      Totals:         0       0       0       0       0       0       0       0
Total ram usage:        0 bytes
 Hardware stack levels used:    1
 This function calls:
		Nothing
 This function is called by:
		_RF433_ISR
 This function uses a non-reentrant model


 *************** function _Motor_Timer_Task *****************
 Defined at:
		line 57 in file "3_Driver\motor\motor_driver.c"
 Parameters:    Size  Location     Type
  motor           1    wreg     PTR struct .
		 -> g_motor(13), 
 Auto vars:     Size  Location     Type
  motor           1    7[COMMON] PTR struct .
		 -> g_motor(13), 
 Return value:  Size  Location     Type
                  1    wreg      void 
 Registers used:
		wreg, fsr1l, fsr1h, status,2, status,0, pclath, cstack
 Tracked objects:
		On entry : 
		On exit  : 
		Unchanged: 
 Data sizes:     COMMON   BANK0   BANK1   BANK2   BANK3   BANK4   BANK5   BANK6
      Params:         0       0       0       0       0       0       0       0
      Locals:         1       0       0       0       0       0       0       0
      Temps:          2       0       0       0       0       0       0       0
      Totals:         3       0       0       0       0       0       0       0
Total ram usage:        3 bytes
 Hardware stack levels used:    1
 Hardware stack levels required when called:    2
 This function calls:
		_Motor_Arrived
		_on_motor_jammed
		i1_Motor_Stop_And_Clear
 This function is called by:
		_user_isr
 This function uses a non-reentrant model


 *************** function i1_Motor_Stop_And_Clear *****************
 Defined at:
		line 49 in file "3_Driver\motor\motor_driver.c"
 Parameters:    Size  Location     Type
  motor           1    wreg     PTR struct .
		 -> g_motor(13), 
 Auto vars:     Size  Location     Type
  motor           1    2[COMMON] PTR struct .
		 -> g_motor(13), 
 Return value:  Size  Location     Type
                  1    wreg      void 
 Registers used:
		wreg, fsr1l, fsr1h, status,2, status,0, pclath, cstack
 Tracked objects:
		On entry : 
		On exit  : 
		Unchanged: 
 Data sizes:     COMMON   BANK0   BANK1   BANK2   BANK3   BANK4   BANK5   BANK6
      Params:         0       0       0       0       0       0       0       0
      Locals:         1       0       0       0       0       0       0       0
      Temps:          2       0       0       0       0       0       0       0
      Totals:         3       0       0       0       0       0       0       0
Total ram usage:        3 bytes
 Hardware stack levels used:    1
 Hardware stack levels required when called:    1
 This function calls:
		i1_hal_motor_stop
 This function is called by:
		_Motor_Timer_Task
 This function uses a non-reentrant model


 *************** function _on_motor_jammed *****************
 Defined at:
		line 76 in file "1_App\app.c"
 Parameters:    Size  Location     Type
		None
 Auto vars:     Size  Location     Type
		None
 Return value:  Size  Location     Type
                  1    wreg      void 
 Registers used:
		wreg, fsr1l, fsr1h, status,2, status,0, pclath, cstack
 Tracked objects:
		On entry : 
		On exit  : 
		Unchanged: 
 Data sizes:     COMMON   BANK0   BANK1   BANK2   BANK3   BANK4   BANK5   BANK6
      Params:         0       0       0       0       0       0       0       0
      Locals:         0       0       0       0       0       0       0       0
      Temps:          0       0       0       0       0       0       0       0
      Totals:         0       0       0       0       0       0       0       0
Total ram usage:        0 bytes
 Hardware stack levels used:    1
 Hardware stack levels required when called:    1
 This function calls:
		i1_LED_StartBlink
 This function is called by:
		_App_Init
		_Motor_Timer_Task
 This function uses a non-reentrant model


 *************** function i1_LED_StartBlink *****************
 Defined at:
		line 29 in file "3_Driver\led\led_driver.c"
 Parameters:    Size  Location     Type
  led             1    wreg     PTR struct .
		 -> g_led2(12), g_led1(12), 
  total_ms        2    0[COMMON] unsigned int 
  interval_ms     2    2[COMMON] unsigned int 
 Auto vars:     Size  Location     Type
  led             1    4[COMMON] PTR struct .
		 -> g_led2(12), g_led1(12), 
 Return value:  Size  Location     Type
                  1    wreg      void 
 Registers used:
		wreg, fsr1l, fsr1h, status,2, status,0
 Tracked objects:
		On entry : 
		On exit  : 
		Unchanged: 
 Data sizes:     COMMON   BANK0   BANK1   BANK2   BANK3   BANK4   BANK5   BANK6
      Params:         4       0       0       0       0       0       0       0
      Locals:         1       0       0       0       0       0       0       0
      Temps:          0       0       0       0       0       0       0       0
      Totals:         5       0       0       0       0       0       0       0
Total ram usage:        5 bytes
 Hardware stack levels used:    1
 This function calls:
		Nothing
 This function is called by:
		_on_motor_jammed
 This function uses a non-reentrant model


 *************** function _Motor_Arrived *****************
 Defined at:
		line 37 in file "3_Driver\motor\motor_driver.c"
 Parameters:    Size  Location     Type
  motor           1    wreg     PTR struct .
		 -> g_motor(13), 
 Auto vars:     Size  Location     Type
  motor           1    2[COMMON] PTR struct .
		 -> g_motor(13), 
 Return value:  Size  Location     Type
                  1    wreg      void 
 Registers used:
		wreg, fsr1l, fsr1h, status,2, status,0, pclath, cstack
 Tracked objects:
		On entry : 
		On exit  : 
		Unchanged: 
 Data sizes:     COMMON   BANK0   BANK1   BANK2   BANK3   BANK4   BANK5   BANK6
      Params:         0       0       0       0       0       0       0       0
      Locals:         1       0       0       0       0       0       0       0
      Temps:          2       0       0       0       0       0       0       0
      Totals:         3       0       0       0       0       0       0       0
Total ram usage:        3 bytes
 Hardware stack levels used:    1
 Hardware stack levels required when called:    1
 This function calls:
		_on_motor_arrived
		i1_hal_motor_stop
 This function is called by:
		_Motor_Timer_Task
 This function uses a non-reentrant model


 *************** function i1_hal_motor_stop *****************
 Defined at:
		line 163 in file "4_HAL\hal_gpio.c"
 Parameters:    Size  Location     Type
		None
 Auto vars:     Size  Location     Type
		None
 Return value:  Size  Location     Type
                  1    wreg      void 
 Registers used:
		None
 Tracked objects:
		On entry : 
		On exit  : 
		Unchanged: 
 Data sizes:     COMMON   BANK0   BANK1   BANK2   BANK3   BANK4   BANK5   BANK6
      Params:         0       0       0       0       0       0       0       0
      Locals:         0       0       0       0       0       0       0       0
      Temps:          0       0       0       0       0       0       0       0
      Totals:         0       0       0       0       0       0       0       0
Total ram usage:        0 bytes
 Hardware stack levels used:    1
 This function calls:
		Nothing
 This function is called by:
 This function uses a non-reentrant model


 *************** function _on_motor_arrived *****************
 Defined at:
		line 83 in file "1_App\app.c"
 Parameters:    Size  Location     Type
		None
 Auto vars:     Size  Location     Type
		None
 Return value:  Size  Location     Type
                  1    wreg      void 
 Registers used:
		wreg
 Tracked objects:
		On entry : 
		On exit  : 
		Unchanged: 
 Data sizes:     COMMON   BANK0   BANK1   BANK2   BANK3   BANK4   BANK5   BANK6
      Params:         0       0       0       0       0       0       0       0
      Locals:         0       0       0       0       0       0       0       0
      Temps:          0       0       0       0       0       0       0       0
      Totals:         0       0       0       0       0       0       0       0
Total ram usage:        0 bytes
 Hardware stack levels used:    1
 This function calls:
		Nothing
 This function is called by:
		_App_Init
		_Motor_Arrived
 This function uses a non-reentrant model


 *************** function _LED_Process_1ms *****************
 Defined at:
		line 37 in file "3_Driver\led\led_driver.c"
 Parameters:    Size  Location     Type
  led             1    wreg     PTR struct .
		 -> g_led2(12), g_led1(12), 
 Auto vars:     Size  Location     Type
  led             1    4[COMMON] PTR struct .
		 -> g_led2(12), g_led1(12), 
 Return value:  Size  Location     Type
                  1    wreg      void 
 Registers used:
		wreg, fsr1l, fsr1h, status,2, status,0, pclath, cstack
 Tracked objects:
		On entry : 
		On exit  : 
		Unchanged: 
 Data sizes:     COMMON   BANK0   BANK1   BANK2   BANK3   BANK4   BANK5   BANK6
      Params:         0       0       0       0       0       0       0       0
      Locals:         1       0       0       0       0       0       0       0
      Temps:          4       0       0       0       0       0       0       0
      Totals:         5       0       0       0       0       0       0       0
Total ram usage:        5 bytes
 Hardware stack levels used:    1
 Hardware stack levels required when called:    1
 This function calls:
		_hal_led1_tog
		_hal_led2_tog
		i1_hal_led1_off
		i1_hal_led2_off
 This function is called by:
		_user_isr
 This function uses a non-reentrant model


 *************** function i1_hal_led1_off *****************
 Defined at:
		line 105 in file "4_HAL\hal_gpio.c"
 Parameters:    Size  Location     Type
		None
 Auto vars:     Size  Location     Type
		None
 Return value:  Size  Location     Type
                  1    wreg      void 
 Registers used:
		None
 Tracked objects:
		On entry : 
		On exit  : 
		Unchanged: 
 Data sizes:     COMMON   BANK0   BANK1   BANK2   BANK3   BANK4   BANK5   BANK6
      Params:         0       0       0       0       0       0       0       0
      Locals:         0       0       0       0       0       0       0       0
      Temps:          0       0       0       0       0       0       0       0
      Totals:         0       0       0       0       0       0       0       0
Total ram usage:        0 bytes
 Hardware stack levels used:    1
 This function calls:
		Nothing
 This function is called by:
 This function uses a non-reentrant model


 *************** function i1_hal_led2_off *****************
 Defined at:
		line 129 in file "4_HAL\hal_gpio.c"
 Parameters:    Size  Location     Type
		None
 Auto vars:     Size  Location     Type
		None
 Return value:  Size  Location     Type
                  1    wreg      void 
 Registers used:
		None
 Tracked objects:
		On entry : 
		On exit  : 
		Unchanged: 
 Data sizes:     COMMON   BANK0   BANK1   BANK2   BANK3   BANK4   BANK5   BANK6
      Params:         0       0       0       0       0       0       0       0
      Locals:         0       0       0       0       0       0       0       0
      Temps:          0       0       0       0       0       0       0       0
      Totals:         0       0       0       0       0       0       0       0
Total ram usage:        0 bytes
 Hardware stack levels used:    1
 This function calls:
		Nothing
 This function is called by:
 This function uses a non-reentrant model


 *************** function _hal_led1_tog *****************
 Defined at:
		line 113 in file "4_HAL\hal_gpio.c"
 Parameters:    Size  Location     Type
		None
 Auto vars:     Size  Location     Type
		None
 Return value:  Size  Location     Type
                  1    wreg      void 
 Registers used:
		wreg
 Tracked objects:
		On entry : 
		On exit  : 
		Unchanged: 
 Data sizes:     COMMON   BANK0   BANK1   BANK2   BANK3   BANK4   BANK5   BANK6
      Params:         0       0       0       0       0       0       0       0
      Locals:         0       0       0       0       0       0       0       0
      Temps:          0       0       0       0       0       0       0       0
      Totals:         0       0       0       0       0       0       0       0
Total ram usage:        0 bytes
 Hardware stack levels used:    1
 This function calls:
		Nothing
 This function is called by:
		_App_Init
		_LED_Process_1ms
 This function uses a non-reentrant model


 *************** function _hal_led2_tog *****************
 Defined at:
		line 137 in file "4_HAL\hal_gpio.c"
 Parameters:    Size  Location     Type
		None
 Auto vars:     Size  Location     Type
		None
 Return value:  Size  Location     Type
                  1    wreg      void 
 Registers used:
		wreg
 Tracked objects:
		On entry : 
		On exit  : 
		Unchanged: 
 Data sizes:     COMMON   BANK0   BANK1   BANK2   BANK3   BANK4   BANK5   BANK6
      Params:         0       0       0       0       0       0       0       0
      Locals:         0       0       0       0       0       0       0       0
      Temps:          0       0       0       0       0       0       0       0
      Totals:         0       0       0       0       0       0       0       0
Total ram usage:        0 bytes
 Hardware stack levels used:    1
 This function calls:
		Nothing
 This function is called by:
		_App_Init
		_LED_Process_1ms
 This function uses a non-reentrant model


 *************** function _App_Input_1ms *****************
 Defined at:
		line 35 in file "1_App\app_input.c"
 Parameters:    Size  Location     Type
		None
 Auto vars:     Size  Location     Type
		None
 Return value:  Size  Location     Type
                  1    wreg      void 
 Registers used:
		wreg, status,2, status,0
 Tracked objects:
		On entry : 
		On exit  : 
		Unchanged: 
 Data sizes:     COMMON   BANK0   BANK1   BANK2   BANK3   BANK4   BANK5   BANK6
      Params:         0       0       0       0       0       0       0       0
      Locals:         0       0       0       0       0       0       0       0
      Temps:          0       0       0       0       0       0       0       0
      Totals:         0       0       0       0       0       0       0       0
Total ram usage:        0 bytes
 Hardware stack levels used:    1
 This function calls:
		Nothing
 This function is called by:
		_user_isr
 This function uses a non-reentrant model



MODULE INFORMATION

Module		Function		Class		Link	Load	Size
E:\FMDprogrammer\Compiler\data\sources\common\Umul16.c
		___wmul        		CODE           	0504	0000	22

E:\FMDprogrammer\Compiler\data\sources\common\Umul16.c estimated size: 22

3_Driver\motor\motor_driver.c
		_Motor_Timer_Task		CODE           	01B8	0000	60
		_Motor_Close   		CODE           	036C	0000	37
		_Motor_Init    		CODE           	0468	0000	61
		_Motor_Stop_And_Clear		CODE           	0075	0000	21
		_Motor_Open    		CODE           	0390	0000	37
		_Motor_Arrived 		CODE           	02EE	0000	58

3_Driver\motor\motor_driver.c estimated size: 274

4_HAL\hal_eeprom.c
		_hal_eeprom_write		CODE           	00B0	0000	32
		_hal_eeprom_read		CODE           	0423	0000	25
		_Unlock_Flash  		CODE           	00CF	0000	11

4_HAL\hal_eeprom.c estimated size: 68

4_HAL\hal_gpio.c
		_hal_motor_open		CODE           	0672	0000	4
		_hal_motor_stop		CODE           	0648	0000	7
		_ISR           		CODE           	0004	0000	9
		_hal_led1_on   		CODE           	067B	0000	3
		_hal_led2_on   		CODE           	067D	0000	3
		_hal_led1_off  		CODE           	0652	0000	7
		_hal_led2_off  		CODE           	065B	0000	7
		_hal_led1_tog  		CODE           	066A	0000	5
		_hal_led2_tog  		CODE           	066E	0000	5
		_hal_tim4_init 		CODE           	05D1	0000	18
		_hal_motor_close		CODE           	0675	0000	4
		_user_isr      		CODE           	00F9	0000	29
		_hal_gpio_init 		CODE           	05A9	0000	41

4_HAL\hal_gpio.c estimated size: 142

3_Driver\led\led_driver.c
		_LED_Init      		CODE           	043B	0000	46
		_LED_Off       		CODE           	005F	0000	23
		_LED_Process_1ms		CODE           	0159	0000	96
		_LED_StartBlink		CODE           	00D9	0000	21
		_LED_On        		CODE           	0519	0000	25

3_Driver\led\led_driver.c estimated size: 211

shared
		PL12           		CODE           	033F	0000	7
		PL8            		CODE           	00ED	0000	6
		PL22           		CODE           	05F8	0000	6
		PL14           		CODE           	00F2	0000	8
		_transitions   		STRCODE        	05FD	0000	76
		PL16           		CODE           	05F2	0000	7
		PL18           		CODE           	0345	0000	6
		i1_hal_led1_off		CODE           	0658	0000	4
		i1_hal_led2_off		CODE           	0661	0000	4
		__initialization		CODE           	03B4	0000	21
		i1_LED_StartBlink		CODE           	0019	0000	21
		i1_Motor_Stop_And_Clear		CODE           	01F3	0000	21
		PL2            		CODE           	0327	0000	19
		PL10           		CODE           	05E9	0000	10
		PL4            		CODE           	05E2	0000	8
		PL20           		CODE           	034A	0000	7
		i1_hal_motor_stop		CODE           	064E	0000	5
		PL6            		CODE           	0339	0000	7

shared estimated size: 243

3_Driver\rf433\rf433.c
		_set_bit       		CODE           	029A	0000	37
		_RF433_ISR     		CODE           	0207	0000	135
		_RF433_Init    		CODE           	0576	0000	36
		_save_code     		CODE           	028D	0000	14

3_Driver\rf433\rf433.c estimated size: 222

3_Driver\uart\uart_wifi.c
		_UART_WiFi_ISR 		CODE           	02BE	0000	49
		_UART_WiFi_Init		CODE           	0599	0000	17

3_Driver\uart\uart_wifi.c estimated size: 66

1_App\app_input.c
		_App_Input_1ms 		CODE           	0115	0000	69

1_App\app_input.c estimated size: 69

main.c
		_main          		CODE           	03CB	0000	14

main.c estimated size: 14

1_App\app.c
		_act_start_running		CODE           	0057	0000	9
		_parse_wifi_frame		CODE           	0556	0000	33
		_App_Run       		CODE           	04A4	0000	97
		_act_motor_toggle		CODE           	035A	0000	19
		_act_motor_open		CODE           	0355	0000	6
		_act_motor_stop		CODE           	0039	0000	9
		_on_motor_arrived		CODE           	0678	0000	4
		_parse_rf433   		CODE           	0531	0000	38
		_act_duima_error		CODE           	0041	0000	14
		_act_duima_start		CODE           	002D	0000	13
		_act_motor_close		CODE           	0350	0000	6
		_act_error_recover		CODE           	004E	0000	10
		_App_Init      		CODE           	03D8	0000	76
		_on_motor_jammed		CODE           	000E	0000	12
		_act_save_duima		CODE           	0089	0000	40

1_App\app.c estimated size: 386

